// Jest Snapshot v1, https://goo.gl/fbAQLP

exports[`Test People Information in row renders the row with people information 1`] = `
<tr>
  <td>
    1
  </td>
  <td>
    tariqulislam
  </td>
  <td>
    tariqul.islam.rony@gmail.com
  </td>
  <td>
    phone
  </td>
</tr>
`;

exports[`Test People Information in row renders the row without people inforamtion 1`] = `
<span>
  No Item Found
</span>
`;
